[fsefsvvsffdseeeesfffee.blogspot.com/index.html]
[backblue.gif]
[fade.gif]
[index.html]
[fsefsvvsffdseeeesfffee.blogspot.com/favicon.ico]
[fsefsvvsffdseeeesfffee.blogspot.com/feeds/posts/default]
[fsefsvvsffdseeeesfffee.blogspot.com/feeds/posts/default9522]
[ajax.googleapis.com/ajax/libs/jquery/3.3.1/jquery.min.js]
[cdn.statically.io/gh/TaufiqHdyt/CDN/fd1ce28b/font-awesome-5-pro/css/all.min.css]
[2.bp.blogspot.com/-fjaZBtfvzac/UN1mw2tUamI/AAAAAAAADkc/XdKqt8hWZ6w/s1600/anon.jpg]
[4.bp.blogspot.com/-cmZSAe4hgWI/V0K-3C5xiHI/AAAAAAAAG90/2btatUgRsM4qf8HIc7QweuToTkRqRNeuACLcB/s1600/delete.png]
[2.bp.blogspot.com/-YSikWHcgmBQ/YhI_hewcPpI/AAAAAAAAACo/8cryS27LrksufIeoo3YKu27uwkK_ef0bgCK4BGAYYCw/s113/pexels-pixabay-220453.jpg]
[fsefsvvsffdseeeesfffee.blogspot.com/2023/02/watch-now-settimeoutfunction-window_28.html]
[blogger.googleusercontent.com/img/b/R29vZ2xl/AVvXsEhGLsOGF_dacMb07pT-pRaexQ-vmdh1Yrd6cpJ96e7/w640-h382/Untitled design (2).png]
[fsefsvvsffdseeeesfffee.blogspot.com/2023/02/see-full-video-settimeoutfunction-window.html]
[blogger.googleusercontent.com/img/b/R29vZ2xl/AVvXsEgINtsWiSnbJXIhRSlsfidWGHKuyiV6GKBpSQjzeGm/w640-h382/Untitled design (3) (5).png]
[fsefsvvsffdseeeesfffee.blogspot.com/2023/02/watch-now-settimeoutfunction-window.html]
[blogger.googleusercontent.com/img/b/R29vZ2xl/AVvXsEjWKa4TYtbMfs8DjzaPs4PymJ5ZZDiWnWEZF6vj03e/w640-h382/Untitled design (3) (3).png]
[www.blogger.com/static/v1/widgets/3455050996-widgets.js]
[fsefsvvsffdseeeesfffee.blogspot.com/index.html]
[cdn.statically.io/gh/TaufiqHdyt/CDN/fd1ce28b/font-awesome-5-pro/css/all.min.css]
[www.blogger.com/dyn-css/authorization52a9.css]
[fsefsvvsffdseeeesfffee.blogspot.com/1o_/2y.V.1L/2z/index.html]
[fsefsvvsffdseeeesfffee.blogspot.com/feeds/1218307978636935662/comments/default]
[3.bp.blogspot.com/-fr42e67HG4I/Vky8HLexiEI/AAAAAAAAM0I/MLMd2qwIH1E/s1600/avatar.png]
[blogger.googleusercontent.com/img/b/R29vZ2xl/AVvXsEhGLsOGF_dacMb07pT-pRaexQ-vmdh1Yrd6cpJ96e7/s1200/Untitled design (2).png]
[blogger.googleusercontent.com/img/b/R29vZ2xl/AVvXsEgX-G_1IK2q4GSdSTMFFCBO4R2nylaUQ9Z74LdzUxt/s887/Screenshot_20230228-125836_1.jpg]
[blogger.googleusercontent.com/img/b/R29vZ2xl/AVvXsEgX-G_1IK2q4GSdSTMFFCBO4R2nylaUQ9Z74LdzUxt/w488-h640/Screenshot_20230228-125836_1.jpg]
[blogger.googleusercontent.com/img/b/R29vZ2xl/AVvXsEj7Xcrg-_m8u_GKG7J-ceQBAZV1nQ7Rep--3Q5bFYR/s883/Screenshot_20230228-125821_1.jpg]
[blogger.googleusercontent.com/img/b/R29vZ2xl/AVvXsEj7Xcrg-_m8u_GKG7J-ceQBAZV1nQ7Rep--3Q5bFYR/w490-h640/Screenshot_20230228-125821_1.jpg]
[blogger.googleusercontent.com/img/b/R29vZ2xl/AVvXsEhXXq3HaNSLkpoMmQGHw1bug5y9g0YMn8bo4x8yR5x/s897/Screenshot_20230228-125810_1.jpg]
[blogger.googleusercontent.com/img/b/R29vZ2xl/AVvXsEhXXq3HaNSLkpoMmQGHw1bug5y9g0YMn8bo4x8yR5x/w482-h640/Screenshot_20230228-125810_1.jpg]
[www.blogger.com/static/v1/jsbin/976584016-comment_from_post_iframe.js]
[cdn.jsdelivr.net/gh/twitter/twemoji@v11.0.0/36x36/1f600.png]
[cdn.jsdelivr.net/gh/twitter/twemoji@v11.0.0/36x36/1f615.png]
[cdn.jsdelivr.net/gh/twitter/twemoji@v11.0.0/36x36/1f601.png]
[cdn.jsdelivr.net/gh/twitter/twemoji@v11.0.0/36x36/1f60f.png]
[cdn.jsdelivr.net/gh/twitter/twemoji@v11.0.0/36x36/1f603.png]
[cdn.jsdelivr.net/gh/twitter/twemoji@v11.0.0/36x36/1f62c.png]
[cdn.jsdelivr.net/gh/twitter/twemoji@v11.0.0/36x36/1f604.png]
[cdn.jsdelivr.net/gh/twitter/twemoji@v11.0.0/36x36/1f61e.png]
[cdn.jsdelivr.net/gh/twitter/twemoji@v11.0.0/36x36/1f62d.png]
[cdn.jsdelivr.net/gh/twitter/twemoji@v11.0.0/36x36/1f616.png]
[cdn.jsdelivr.net/gh/twitter/twemoji@v11.0.0/36x36/1f61c.png]
[cdn.jsdelivr.net/gh/twitter/twemoji@v11.0.0/36x36/1f62e.png]
[cdn.jsdelivr.net/gh/twitter/twemoji@v11.0.0/36x36/1f606.png]
[cdn.jsdelivr.net/gh/twitter/twemoji@v11.0.0/36x36/1f609.png]
[cdn.jsdelivr.net/gh/twitter/twemoji@v11.0.0/36x36/1f614.png]
[cdn.jsdelivr.net/gh/twitter/twemoji@v11.0.0/36x36/1f619.png]
[cdn.jsdelivr.net/gh/twitter/twemoji@v11.0.0/36x36/1f625.png]
[cdn.jsdelivr.net/gh/twitter/twemoji@v11.0.0/36x36/1f620.png]
[cdn.jsdelivr.net/gh/twitter/twemoji@v11.0.0/36x36/1f60e.png]
[cdn.jsdelivr.net/gh/twitter/twemoji@v11.0.0/36x36/1f624.png]
[cdn.jsdelivr.net/gh/twitter/twemoji@v11.0.0/36x36/1f634.png]
[cdn.jsdelivr.net/gh/twitter/twemoji@v11.0.0/36x36/1f635.png]
[cdn.jsdelivr.net/gh/twitter/twemoji@v11.0.0/36x36/1f637.png]
[cdn.jsdelivr.net/gh/twitter/twemoji@v11.0.0/36x36/1f35c.png]
[cdn.jsdelivr.net/gh/twitter/twemoji@v11.0.0/36x36/1f60d.png]
[cdn.jsdelivr.net/gh/twitter/twemoji@v11.0.0/36x36/1f496.png]
[fsefsvvsffdseeeesfffee.blogspot.com/2023/02/watch-now-settimeoutfunction-window_28.html]
[fsefsvvsffdseeeesfffee.blogspot.com/2I-c/index.html]
[fsefsvvsffdseeeesfffee.blogspot.com/2023/02/1o_/2y.V.1L/2z/index.html]
[fsefsvvsffdseeeesfffee.blogspot.com/feeds/8700394724790848107/comments/default]
[blogger.googleusercontent.com/img/b/R29vZ2xl/AVvXsEgINtsWiSnbJXIhRSlsfidWGHKuyiV6GKBpSQjzeGm/s1200/Untitled design (3) (5).png]
[blogger.googleusercontent.com/img/b/R29vZ2xl/AVvXsEjfDRuIqz5XWgFOFwya6-lIZFhRytuxUCSJwQLYEEu/s1153/IMG_20230224_101742_616.jpg]
[blogger.googleusercontent.com/img/b/R29vZ2xl/AVvXsEjfDRuIqz5XWgFOFwya6-lIZFhRytuxUCSJwQLYEEu/w472-h640/IMG_20230224_101742_616.jpg]
[blogger.googleusercontent.com/img/b/R29vZ2xl/AVvXsEgr2Bu0aTAlhCK_HiXzgZ2eGPYcv2vvQjqB_gwu76W/s1220/IMG_20230224_101742_720.jpg]
[blogger.googleusercontent.com/img/b/R29vZ2xl/AVvXsEgr2Bu0aTAlhCK_HiXzgZ2eGPYcv2vvQjqB_gwu76W/w434-h640/IMG_20230224_101742_720.jpg]
[fsefsvvsffdseeeesfffee.blogspot.com/2023/02/see-full-video-settimeoutfunction-window.html]
[fsefsvvsffdseeeesfffee.blogspot.com/feeds/1579431936782883118/comments/default]
[blogger.googleusercontent.com/img/b/R29vZ2xl/AVvXsEjWKa4TYtbMfs8DjzaPs4PymJ5ZZDiWnWEZF6vj03e/s1200/Untitled design (3) (3).png]
[blogger.googleusercontent.com/img/b/R29vZ2xl/AVvXsEi8JRsRyIRdHodeThmzKB1nXqvwStxZ1GamuSFJnGZ/s1150/IMG_20230224_101725_206.jpg]
[blogger.googleusercontent.com/img/b/R29vZ2xl/AVvXsEi8JRsRyIRdHodeThmzKB1nXqvwStxZ1GamuSFJnGZ/w434-h640/IMG_20230224_101725_206.jpg]
[blogger.googleusercontent.com/img/b/R29vZ2xl/AVvXsEiZ3KbRngwILKCU8b6QgQRI7HcVWAJ9o4qc8A5ygMC/s1064/IMG_20230224_101725_461.jpg]
[blogger.googleusercontent.com/img/b/R29vZ2xl/AVvXsEiZ3KbRngwILKCU8b6QgQRI7HcVWAJ9o4qc8A5ygMC/w452-h640/IMG_20230224_101725_461.jpg]
[blogger.googleusercontent.com/img/b/R29vZ2xl/AVvXsEhQvNA6lInQVFH2B5I_v4x4fUDzQXx234991TpS3Ik/s1125/IMG_20230224_101725_552.jpg]
[blogger.googleusercontent.com/img/b/R29vZ2xl/AVvXsEhQvNA6lInQVFH2B5I_v4x4fUDzQXx234991TpS3Ik/w470-h640/IMG_20230224_101725_552.jpg]
[fsefsvvsffdseeeesfffee.blogspot.com/2023/02/watch-now-settimeoutfunction-window.html]
[fsefsvvsffdseeeesfffee.blogspot.com/1o_/2y.V.1L/2z/index.html]
[fsefsvvsffdseeeesfffee.blogspot.com/2I-c/index.html]
[fsefsvvsffdseeeesfffee.blogspot.com/2023/02/1o_/2y.V.1L/2z/index.html]
[pinterest.com/pin/create/button/index0701.html]
[pinterest.com/pin/create/button/indexc1ea.html]
[pinterest.com/pin/create/button/indexb1e1.html]
